// Jest Snapshot v1, https://goo.gl/fbAQLP

exports[`NotFoundPage renders correctly 1`] = `
Array [
  <header
    style={
      Object {
        "background": "rebeccapurple",
        "marginBottom": "1.45rem",
      }
    }
  >
    <div
      style={
        Object {
          "margin": "0 auto",
          "maxWidth": 960,
          "padding": "1.45rem 1.0875rem",
        }
      }
    >
      <h1
        style={
          Object {
            "margin": 0,
          }
        }
      >
        <a
          href="/"
          style={
            Object {
              "color": "white",
              "textDecoration": "none",
            }
          }
        >
          Default Starter
        </a>
      </h1>
    </div>
  </header>,
  <div
    style={
      Object {
        "margin": "0 auto",
        "maxWidth": 960,
        "padding": "0px 1.0875rem 1.45rem",
        "paddingTop": 0,
      }
    }
  >
    <div>
      <div
        className="search__container"
        style={
          Object {
            "display": "none",
          }
        }
      >
        <label
          htmlFor="searchInput"
        >
          Search All Skill Pages
        </label>
        <input
          autoComplete="off"
          className="search__input"
          id="searchInput"
          onChange={[Function]}
          placeholder="Query"
          type="text"
          value=""
        />
        <div
          className=""
        >
          
        </div>
      </div>
      <noscript>
        <form
          action="https://www.google.com/search"
          method="GET"
        >
          <input
            name="q"
            type="hidden"
            value="site:sestopia-gatsby.herokuapp.com"
          />
          <label>
            Search Sestopia:
            <br />
            <input
              name="q"
              placeholder="Query"
              type="text"
              value=""
            />
          </label>
        </form>
      </noscript>
    </div>
    <main>
      <h1>
        PAGE NOT FOUND
      </h1>
      <p>
        The page you tried to access could not be found
      </p>
      <div
        className="sc-AxjAm ebigcj"
      >
        <main
          className="sc-AxirZ kgmWJc"
        >
          <a
            href="/"
          >
            ‚Üê Back to the Home Page
          </a>
        </main>
      </div>
    </main>
  </div>,
]
`;
